[
  {
    "name":null
  },
  {
    "name":"Book1"
  },
  {
    "name":"Book2"
  }
]