[
  {
    "price":50.55,
    "name":"Book1",
    "mainAuthor":{
      "name":"Book1-MainAuthor",
      "address":{
        "address":"Shenzhen Guangdong China",
        "postCode":"518000"
      },
      "birthDate":"1982-01-30T14:52:39"
    },
    "authorList":[
      {
        "name":"Book1-Author-1",
        "address":{
          "address":"Shenzhen Guangdong China",
          "postCode":"518001"
        },
        "birthDate":"1982-01-30T14:52:39"
      },
      {
        "name":"Book1-Author-2",
        "address":{
          "address":"Shenzhen Guangdong China",
          "postCode":"518002"
        },
        "birthDate":"1983-01-29T14:52:39"
      }

    ],
    "authorMap":{
      "Book1-Author-2":{
        "name":"Book1-Author-2",
        "address":{
          "address":"Shenzhen Guangdong China",
          "postCode":"518003"
        },
        "birthDate":"1983-01-29T14:52:39"
      },
      "Book1-Author-1":{
        "name":"Book1-Author-1",
        "address":{
          "address":"Shenzhen Guangdong China",
          "postCode":"518004"
        },
        "birthDate":"1982-01-30T14:52:39"
      }

    }

  }
]