[
  {
    "price":50.55,
    "name":"Book1",
    "author":{
      "address":"Shenzhen Guangdong China",
      "postCode":"518004"
    }

  },
  {
    "name":"Book2",
    "price":6.66,
    "author":{
      "address":null,
      "postCode":null
    }
  },
  {
    "name":"Book3",
    "price":6.66,
    "author":{
      "address":null,
      "postCode":null
    }
  }
]